// Jest Snapshot v1, https://goo.gl/fbAQLP

exports[`HomeScreen renders correctly 1`] = `
<View
  style={
    {
      "alignItems": "center",
      "backgroundColor": "#eeedf6",
      "flex": 1,
      "justifyContent": "center",
    }
  }
>
  <View
    style={
      {
        "backgroundColor": "#2F2A5A",
        "borderBottomLeftRadius": 75,
        "borderBottomRightRadius": 75,
        "height": 450,
        "position": "absolute",
        "top": 0,
        "width": 745,
      }
    }
  />
  <Text
    style={
      {
        "color": "#bc9531",
        "fontFamily": "mulishBold",
        "fontSize": 30,
        "marginTop": 20,
        "position": "absolute",
        "textAlign": "center",
        "textTransform": "capitalize",
        "top": 0,
      }
    }
  >
    Bonjour 
    John
  </Text>
  <View
    style={
      {
        "alignItems": "center",
        "height": "35%",
        "position": "absolute",
        "top": -40,
        "width": "90%",
      }
    }
  >
    <View
      style={
        {
          "height": "100%",
          "justifyContent": "center",
          "marginTop": 30,
          "width": "90%",
        }
      }
    >
      <Text
        style={
          {
            "color": "#eeedf6",
            "fontFamily": "mulishRegular",
            "fontSize": 16,
            "textAlign": "center",
          }
        }
      >
        Allez vite découvrir la tendance de votre journée !
      </Text>
    </View>
  </View>
  <View
    style={
      {
        "alignItems": "center",
        "position": "absolute",
      }
    }
  >
    <ViewManagerAdapter_ExpoLinearGradient
      colors={
        [
          4292664046,
          4292664046,
        ]
      }
      endPoint={
        [
          1,
          0.5,
        ]
      }
      locations={
        [
          0.1,
          0.9,
        ]
      }
      startPoint={
        [
          0,
          0.5,
        ]
      }
      style={
        {
          "borderRadius": 15,
          "elevation": 5,
          "flexDirection": "row",
          "height": "35%",
          "marginBottom": 35,
          "width": "90%",
        }
      }
    >
      <View
        accessibilityState={
          {
            "busy": undefined,
            "checked": undefined,
            "disabled": undefined,
            "expanded": undefined,
            "selected": undefined,
          }
        }
        accessibilityValue={
          {
            "max": undefined,
            "min": undefined,
            "now": undefined,
            "text": undefined,
          }
        }
        accessible={true}
        collapsable={false}
        focusable={true}
        onBlur={[Function]}
        onClick={[Function]}
        onFocus={[Function]}
        onResponderGrant={[Function]}
        onResponderMove={[Function]}
        onResponderRelease={[Function]}
        onResponderTerminate={[Function]}
        onResponderTerminationRequest={[Function]}
        onStartShouldSetResponder={[Function]}
        style={
          {
            "alignItems": "center",
            "borderRadius": 15,
            "flexDirection": "row",
            "height": "100%",
            "justifyContent": "flex-start",
            "marginBottom": 20,
            "width": "100%",
          }
        }
      >
        <Image
          source={1}
          style={
            {
              "height": "70%",
              "marginLeft": 10,
              "width": "30%",
            }
          }
          testID="card-icon"
        />
        <View
          style={
            {
              "alignItems": "center",
              "flexDirection": "column",
              "justifyContent": "space-between",
              "width": "70%",
            }
          }
        >
          <Text
            style={
              {
                "color": "#2F2A5A",
                "fontFamily": "mulishBold",
                "fontSize": 20,
                "marginBottom": 10,
                "textAlign": "center",
                "width": "90%",
              }
            }
          >
            Question Oui/Non
          </Text>
          <Text
            style={
              {
                "color": "#2F2A5A",
                "fontFamily": "mulishLight",
                "fontSize": 12,
                "textAlign": "center",
                "width": "90%",
              }
            }
          >
            Recevez une réponse breve à vos questions les plus simple
          </Text>
        </View>
      </View>
    </ViewManagerAdapter_ExpoLinearGradient>
    <ViewManagerAdapter_ExpoLinearGradient
      colors={
        [
          4292664046,
          4292664046,
        ]
      }
      endPoint={
        [
          1,
          0.5,
        ]
      }
      locations={
        [
          0.1,
          0.9,
        ]
      }
      startPoint={
        [
          0,
          0.5,
        ]
      }
      style={
        {
          "borderRadius": 15,
          "elevation": 5,
          "flexDirection": "row",
          "height": "35%",
          "marginBottom": 35,
          "width": "90%",
        }
      }
    >
      <View
        accessibilityState={
          {
            "busy": undefined,
            "checked": undefined,
            "disabled": undefined,
            "expanded": undefined,
            "selected": undefined,
          }
        }
        accessibilityValue={
          {
            "max": undefined,
            "min": undefined,
            "now": undefined,
            "text": undefined,
          }
        }
        accessible={true}
        collapsable={false}
        focusable={true}
        onBlur={[Function]}
        onClick={[Function]}
        onFocus={[Function]}
        onResponderGrant={[Function]}
        onResponderMove={[Function]}
        onResponderRelease={[Function]}
        onResponderTerminate={[Function]}
        onResponderTerminationRequest={[Function]}
        onStartShouldSetResponder={[Function]}
        style={
          {
            "alignItems": "center",
            "borderRadius": 15,
            "flexDirection": "row",
            "height": "100%",
            "justifyContent": "flex-start",
            "marginBottom": 20,
            "width": "100%",
          }
        }
      >
        <Image
          source={1}
          style={
            {
              "height": "70%",
              "marginLeft": 10,
              "width": "30%",
            }
          }
          testID="card-icon"
        />
        <View
          style={
            {
              "alignItems": "center",
              "flexDirection": "column",
              "justifyContent": "space-between",
              "width": "70%",
            }
          }
        >
          <Text
            style={
              {
                "color": "#2F2A5A",
                "fontFamily": "mulishBold",
                "fontSize": 20,
                "marginBottom": 10,
                "textAlign": "center",
                "width": "90%",
              }
            }
          >
            Tirage Complet
          </Text>
          <Text
            style={
              {
                "color": "#2F2A5A",
                "fontFamily": "mulishLight",
                "fontSize": 12,
                "textAlign": "center",
                "width": "90%",
              }
            }
          >
            Vous avez de grande interogation, vous voulez ....
          </Text>
        </View>
      </View>
    </ViewManagerAdapter_ExpoLinearGradient>
    <ViewManagerAdapter_ExpoLinearGradient
      colors={
        [
          4292664046,
          4292664046,
        ]
      }
      endPoint={
        [
          1,
          0.5,
        ]
      }
      locations={
        [
          0.1,
          0.9,
        ]
      }
      startPoint={
        [
          0,
          0.5,
        ]
      }
      style={
        {
          "borderRadius": 15,
          "elevation": 5,
          "flexDirection": "row",
          "height": "35%",
          "marginBottom": 35,
          "width": "90%",
        }
      }
    >
      <View
        accessibilityState={
          {
            "busy": undefined,
            "checked": undefined,
            "disabled": undefined,
            "expanded": undefined,
            "selected": undefined,
          }
        }
        accessibilityValue={
          {
            "max": undefined,
            "min": undefined,
            "now": undefined,
            "text": undefined,
          }
        }
        accessible={true}
        collapsable={false}
        focusable={true}
        onBlur={[Function]}
        onClick={[Function]}
        onFocus={[Function]}
        onResponderGrant={[Function]}
        onResponderMove={[Function]}
        onResponderRelease={[Function]}
        onResponderTerminate={[Function]}
        onResponderTerminationRequest={[Function]}
        onStartShouldSetResponder={[Function]}
        style={
          {
            "alignItems": "center",
            "borderRadius": 15,
            "flexDirection": "row",
            "height": "100%",
            "justifyContent": "flex-start",
            "marginBottom": 20,
            "width": "100%",
          }
        }
        testID="day-tendance-card"
      >
        <Image
          source={1}
          style={
            {
              "height": "70%",
              "marginLeft": 10,
              "width": "30%",
            }
          }
        />
        <View
          style={
            [
              {
                "alignItems": "center",
                "flexDirection": "column",
                "justifyContent": "space-between",
                "width": "70%",
              },
            ]
          }
        >
          <Text
            style={
              {
                "color": "#2F2A5A",
                "fontFamily": "mulishBold",
                "fontSize": 20,
                "marginBottom": 10,
                "textAlign": "center",
                "width": "90%",
              }
            }
          >
            Tendance du Jour
          </Text>
          <Text
            style={
              {
                "color": "#2F2A5A",
                "fontFamily": "mulishLight",
                "fontSize": 12,
                "textAlign": "center",
                "width": "90%",
              }
            }
          >
            Une pensée inspirante pour éclairer votre journée !
          </Text>
        </View>
        <View
          style={
            {
              "left": 105,
              "position": "absolute",
              "top": 38,
            }
          }
        >
          <View
            style={
              {
                "alignItems": "center",
                "backgroundColor": "#FF7648",
                "borderRadius": 50,
                "height": 15,
                "justifyContent": "center",
                "width": 15,
              }
            }
          >
            <Icon
              color="#EEEDF6"
              name="exclamation"
              size={10}
              testID="exclamation-icon"
            />
          </View>
        </View>
      </View>
    </ViewManagerAdapter_ExpoLinearGradient>
  </View>
</View>
`;
